// Jest Snapshot v1, https://goo.gl/fbAQLP

exports[`Components:atoms:CompletedChallenges Snapshots should match snapshot 1`] = `
"<div class=\\"flex justify-between items-center pb-5 border-b-2 border-gray-line mt-8 lg:mt-14 font-medium\\">
  <p class=\\"text-lg\\">
    Completed challenges
  </p>
  <p class=\\"text-2xl\\">
    0
  </p>
</div>"
`;
